###############################################################################
#
# IAR ELF Linker V8.40.1.212/W32 for ARM                  15/Oct/2019  08:02:58
# Copyright 2007-2019 IAR Systems AB.
#
#    Output file  =  C:\embsys100\assignment2\Debug\Exe\counter.out
#    Map file     =  C:\embsys100\assignment2\Debug\List\counter.map
#    Command line =
#        -f C:\Users\Lenovo\AppData\Local\Temp\EW7B5C.tmp
#        (C:\embsys100\assignment2\Debug\Obj\main.o --no_out_extension -o
#        C:\embsys100\assignment2\Debug\Exe\counter.out --redirect
#        _Printf=_PrintfFullNoMb --redirect _Scanf=_ScanfFullNoMb --map
#        C:\embsys100\assignment2\Debug\List\counter.map --config "C:\Program
#        Files (x86)\IAR Systems\Embedded Workbench
#        8.3\arm\CONFIG\generic_cortex.icf" --semihosting --entry
#        __iar_program_start --vfe --text_out locale)
#
###############################################################################

*******************************************************************************
*** RUNTIME MODEL ATTRIBUTES
***

CppFlavor       = *
__SystemLibrary = DLib
__dlib_version  = 6


*******************************************************************************
*** HEAP SELECTION
***

The basic heap was selected because some modules are built with
size limitations (and not runtime checking), and --advanced_heap
was not specified.


*******************************************************************************
*** PLACEMENT SUMMARY
***

"A0":  place at address 0x0 { ro section .intvec };
"P1":  place in [from 0x0 to 0x7'ffff] { ro };
define block CSTACK with size = 1K, alignment = 8 { };
define block PROC_STACK with size = 0, alignment = 8 { };
define block HEAP with size = 2K, alignment = 8 { };
"P2":  place in [from 0x2000'0000 to 0x2000'ffff] {
          rw, block CSTACK, block PROC_STACK, block HEAP };

No sections matched the following patterns:

  rw  in "P2"


  Section   Kind         Address   Size  Object
  -------   ----         -------   ----  ------
"A0":                              0x40
  .intvec   ro code          0x0   0x40  vector_table_M.o [3]
                          - 0x40   0x40

"P1":                              0x64
  .text     ro code         0x40   0x1e  cmain.o [3]
  .text     ro code         0x5e    0x4  low_level_init.o [2]
  .text     ro code         0x62   0x12  main.o [1]
  .text     ro code         0x74    0x4  exit.o [2]
  .text     ro code         0x78    0xa  cexit.o [3]
  .text     ro code         0x82    0x2  vector_table_M.o [3]
  .text     ro code         0x84   0x14  exit.o [4]
  .text     ro code         0x98    0xc  cstartup_M.o [3]
                          - 0xa4   0x64

"P2":                             0x400
  CSTACK             0x2000'0000  0x400  <Block>
    CSTACK  uninit   0x2000'0000  0x400  <Block tail>
                   - 0x2000'0400  0x400

Unused ranges:

         From           To      Size
         ----           --      ----
         0xa4     0x7'ffff  0x7'ff5c
  0x2000'0400  0x2000'ffff    0xfc00



*******************************************************************************
*** MODULE SUMMARY
***

    Module            ro code  rw data
    ------            -------  -------
command line/config:
    ----------------------------------
    Total:

C:\embsys100\assignment2\Debug\Obj: [1]
    main.o                 18
    ----------------------------------
    Total:                 18

dl7M_tln.a: [2]
    exit.o                  4
    low_level_init.o        4
    ----------------------------------
    Total:                  8

rt7M_tl.a: [3]
    cexit.o                10
    cmain.o                30
    cstartup_M.o           12
    vector_table_M.o       66
    ----------------------------------
    Total:                118

shb_l.a: [4]
    exit.o                 20
    ----------------------------------
    Total:                 20

    Linker created               1'024
--------------------------------------
    Grand Total:          164    1'024


*******************************************************************************
*** ENTRY LIST
***

Entry                     Address  Size  Type      Object
-----                     -------  ----  ----      ------
?main                        0x41        Code  Gb  cmain.o [3]
CSTACK$$Base          0x2000'0000         --   Gb  - Linker created -
CSTACK$$Limit         0x2000'0400         --   Gb  - Linker created -
Region$$Table$$Base           0x0         --   Gb  - Linker created -
Region$$Table$$Limit          0x0         --   Gb  - Linker created -
__cmain                      0x41        Code  Gb  cmain.o [3]
__exit                       0x85  0x14  Code  Gb  exit.o [4]
__iar_program_start          0x99        Code  Gb  cstartup_M.o [3]
__low_level_init             0x5f   0x4  Code  Gb  low_level_init.o [2]
__vector_table                0x0        Data  Gb  vector_table_M.o [3]
_call_main                   0x4d        Code  Gb  cmain.o [3]
_exit                        0x79        Code  Gb  cexit.o [3]
_main                        0x5b        Code  Gb  cmain.o [3]
exit                         0x75   0x4  Code  Gb  exit.o [2]
main                         0x63  0x12  Code  Gb  main.o [1]


[1] = C:\embsys100\assignment2\Debug\Obj
[2] = dl7M_tln.a
[3] = rt7M_tl.a
[4] = shb_l.a

    164 bytes of readonly  code memory
  1'024 bytes of readwrite data memory

Errors: none
Warnings: none
